// Jest Snapshot v1, https://goo.gl/fbAQLP

exports[`<Light /> renders correctly 1`] = `
<div
  className="light"
  onDoubleClick={[Function]}
  onMouseDown={[Function]}
  onMouseEnter={[Function]}
  style={
    Object {
      "backgroundColor": "red",
    }
  }
/>
`;
